------------------------------------------------------------
TimeQuest Timing Analyzer Summary
------------------------------------------------------------

Type  : Slow 1200mV 85C Model Setup 'clock'
Slack : -18.946
TNS   : -13682.203

Type  : Slow 1200mV 85C Model Hold 'clock'
Slack : 0.359
TNS   : 0.000

Type  : Slow 1200mV 85C Model Recovery 'processor:my_processor|stage_execute:execute|multdiv_controller:my_multdiv_controller|ctrl_DIV'
Slack : -2.956
TNS   : -2.956

Type  : Slow 1200mV 85C Model Removal 'processor:my_processor|stage_execute:execute|multdiv_controller:my_multdiv_controller|ctrl_DIV'
Slack : 2.829
TNS   : 0.000

Type  : Slow 1200mV 85C Model Minimum Pulse Width 'clock'
Slack : -3.000
TNS   : -2224.927

Type  : Slow 1200mV 85C Model Minimum Pulse Width 'processor:my_processor|stage_execute:execute|multdiv_controller:my_multdiv_controller|ctrl_DIV'
Slack : -1.285
TNS   : -1.285

Type  : Slow 1200mV 0C Model Setup 'clock'
Slack : -17.346
TNS   : -12534.333

Type  : Slow 1200mV 0C Model Hold 'clock'
Slack : 0.349
TNS   : 0.000

Type  : Slow 1200mV 0C Model Recovery 'processor:my_processor|stage_execute:execute|multdiv_controller:my_multdiv_controller|ctrl_DIV'
Slack : -2.553
TNS   : -2.553

Type  : Slow 1200mV 0C Model Removal 'processor:my_processor|stage_execute:execute|multdiv_controller:my_multdiv_controller|ctrl_DIV'
Slack : 2.549
TNS   : 0.000

Type  : Slow 1200mV 0C Model Minimum Pulse Width 'clock'
Slack : -3.000
TNS   : -2222.111

Type  : Slow 1200mV 0C Model Minimum Pulse Width 'processor:my_processor|stage_execute:execute|multdiv_controller:my_multdiv_controller|ctrl_DIV'
Slack : -1.285
TNS   : -1.285

Type  : Fast 1200mV 0C Model Setup 'clock'
Slack : -8.788
TNS   : -6166.267

Type  : Fast 1200mV 0C Model Hold 'clock'
Slack : 0.165
TNS   : 0.000

Type  : Fast 1200mV 0C Model Recovery 'processor:my_processor|stage_execute:execute|multdiv_controller:my_multdiv_controller|ctrl_DIV'
Slack : -1.175
TNS   : -1.175

Type  : Fast 1200mV 0C Model Removal 'processor:my_processor|stage_execute:execute|multdiv_controller:my_multdiv_controller|ctrl_DIV'
Slack : 1.528
TNS   : 0.000

Type  : Fast 1200mV 0C Model Minimum Pulse Width 'clock'
Slack : -3.000
TNS   : -1812.930

Type  : Fast 1200mV 0C Model Minimum Pulse Width 'processor:my_processor|stage_execute:execute|multdiv_controller:my_multdiv_controller|ctrl_DIV'
Slack : -1.000
TNS   : -1.000

------------------------------------------------------------
