Info: Starting: Create block symbol file (.bsf)
Info: qsys-generate /home/dhruv/ECE350/final-project-s18-trusttheprocessor-1/capacitive_sensor/probes.qsys --block-symbol-file --output-directory=/home/dhruv/ECE350/final-project-s18-trusttheprocessor-1/capacitive_sensor/probes --family="Cyclone IV E" --part=EP4CE115F29C7
Progress: Loading capacitive_sensor/probes.qsys
Progress: Reading input file
Progress: Adding in_system_sources_probes_0 [altera_in_system_sources_probes 17.1]
Progress: Parameterizing module in_system_sources_probes_0
Progress: Building connections
Progress: Parameterizing connections
Progress: Validating
Progress: Done reading input file
Info: qsys-generate succeeded.
Info: Finished: Create block symbol file (.bsf)
Info: 
Info: Starting: Create HDL design files for synthesis
Info: qsys-generate /home/dhruv/ECE350/final-project-s18-trusttheprocessor-1/capacitive_sensor/probes.qsys --synthesis=VERILOG --output-directory=/home/dhruv/ECE350/final-project-s18-trusttheprocessor-1/capacitive_sensor/probes/synthesis --family="Cyclone IV E" --part=EP4CE115F29C7
Progress: Loading capacitive_sensor/probes.qsys
Progress: Reading input file
Progress: Adding in_system_sources_probes_0 [altera_in_system_sources_probes 17.1]
Progress: Parameterizing module in_system_sources_probes_0
Progress: Building connections
Progress: Parameterizing connections
Progress: Validating
Progress: Done reading input file
Info: probes: Generating probes "probes" for QUARTUS_SYNTH
Info: in_system_sources_probes_0: "probes" instantiated altera_in_system_sources_probes "in_system_sources_probes_0"
Info: probes: Done "probes" with 2 modules, 2 files
Info: qsys-generate succeeded.
Info: Finished: Create HDL design files for synthesis
